// Jest Snapshot v1, https://goo.gl/fbAQLP

exports[`DataBox Tests Should match the snapshot 1`] = `
ShallowWrapper {
  "length": 1,
  Symbol(enzyme.__root__): [Circular],
  Symbol(enzyme.__unrendered__): <DataBox
    currentDisplay={null}
    currentFavorites={Array []}
    displayData={Array []}
    removeFavorite={[Function]}
    saveFavorite={[Function]}
    selectData={[Function]}
/>,
  Symbol(enzyme.__renderer__): Object {
    "batchedUpdates": [Function],
    "getNode": [Function],
    "render": [Function],
    "simulateEvent": [Function],
    "unmount": [Function],
  },
  Symbol(enzyme.__node__): Object {
    "instance": null,
    "key": undefined,
    "nodeType": "host",
    "props": Object {
      "children": Array [
        <Button
          favoriteCount={undefined}
          selectData={[Function]}
          type="favorites button"
          value="View Favorites"
/>,
        <header
          className="header"
/>,
        <div
          className="button-box"
>
          <Button
                    currentDisplay={null}
                    selectData={[Function]}
                    type="category button"
                    value="People"
          />
          <Button
                    currentDisplay={null}
                    selectData={[Function]}
                    type="category button"
                    value="Planets"
          />
          <Button
                    currentDisplay={null}
                    selectData={[Function]}
                    type="category button"
                    value="Vehicles"
          />
</div>,
        <CardContainer
          category={Array []}
          currentDisplay={null}
          currentFavorites={Array []}
          removeFavorite={[Function]}
          saveFavorite={[Function]}
/>,
      ],
      "className": "DataBox",
    },
    "ref": null,
    "rendered": Array [
      Object {
        "instance": null,
        "key": undefined,
        "nodeType": "function",
        "props": Object {
          "favoriteCount": undefined,
          "selectData": [Function],
          "type": "favorites button",
          "value": "View Favorites",
        },
        "ref": null,
        "rendered": null,
        "type": [Function],
      },
      Object {
        "instance": null,
        "key": undefined,
        "nodeType": "host",
        "props": Object {
          "className": "header",
        },
        "ref": null,
        "rendered": null,
        "type": "header",
      },
      Object {
        "instance": null,
        "key": undefined,
        "nodeType": "host",
        "props": Object {
          "children": Array [
            <Button
              currentDisplay={null}
              selectData={[Function]}
              type="category button"
              value="People"
/>,
            <Button
              currentDisplay={null}
              selectData={[Function]}
              type="category button"
              value="Planets"
/>,
            <Button
              currentDisplay={null}
              selectData={[Function]}
              type="category button"
              value="Vehicles"
/>,
          ],
          "className": "button-box",
        },
        "ref": null,
        "rendered": Array [
          Object {
            "instance": null,
            "key": "People",
            "nodeType": "function",
            "props": Object {
              "currentDisplay": null,
              "selectData": [Function],
              "type": "category button",
              "value": "People",
            },
            "ref": null,
            "rendered": null,
            "type": [Function],
          },
          Object {
            "instance": null,
            "key": "Planets",
            "nodeType": "function",
            "props": Object {
              "currentDisplay": null,
              "selectData": [Function],
              "type": "category button",
              "value": "Planets",
            },
            "ref": null,
            "rendered": null,
            "type": [Function],
          },
          Object {
            "instance": null,
            "key": "Vehicles",
            "nodeType": "function",
            "props": Object {
              "currentDisplay": null,
              "selectData": [Function],
              "type": "category button",
              "value": "Vehicles",
            },
            "ref": null,
            "rendered": null,
            "type": [Function],
          },
        ],
        "type": "div",
      },
      Object {
        "instance": null,
        "key": undefined,
        "nodeType": "function",
        "props": Object {
          "category": Array [],
          "currentDisplay": null,
          "currentFavorites": Array [],
          "removeFavorite": [Function],
          "saveFavorite": [Function],
        },
        "ref": null,
        "rendered": null,
        "type": [Function],
      },
    ],
    "type": "div",
  },
  Symbol(enzyme.__nodes__): Array [
    Object {
      "instance": null,
      "key": undefined,
      "nodeType": "host",
      "props": Object {
        "children": Array [
          <Button
            favoriteCount={undefined}
            selectData={[Function]}
            type="favorites button"
            value="View Favorites"
/>,
          <header
            className="header"
/>,
          <div
            className="button-box"
>
            <Button
                        currentDisplay={null}
                        selectData={[Function]}
                        type="category button"
                        value="People"
            />
            <Button
                        currentDisplay={null}
                        selectData={[Function]}
                        type="category button"
                        value="Planets"
            />
            <Button
                        currentDisplay={null}
                        selectData={[Function]}
                        type="category button"
                        value="Vehicles"
            />
</div>,
          <CardContainer
            category={Array []}
            currentDisplay={null}
            currentFavorites={Array []}
            removeFavorite={[Function]}
            saveFavorite={[Function]}
/>,
        ],
        "className": "DataBox",
      },
      "ref": null,
      "rendered": Array [
        Object {
          "instance": null,
          "key": undefined,
          "nodeType": "function",
          "props": Object {
            "favoriteCount": undefined,
            "selectData": [Function],
            "type": "favorites button",
            "value": "View Favorites",
          },
          "ref": null,
          "rendered": null,
          "type": [Function],
        },
        Object {
          "instance": null,
          "key": undefined,
          "nodeType": "host",
          "props": Object {
            "className": "header",
          },
          "ref": null,
          "rendered": null,
          "type": "header",
        },
        Object {
          "instance": null,
          "key": undefined,
          "nodeType": "host",
          "props": Object {
            "children": Array [
              <Button
                currentDisplay={null}
                selectData={[Function]}
                type="category button"
                value="People"
/>,
              <Button
                currentDisplay={null}
                selectData={[Function]}
                type="category button"
                value="Planets"
/>,
              <Button
                currentDisplay={null}
                selectData={[Function]}
                type="category button"
                value="Vehicles"
/>,
            ],
            "className": "button-box",
          },
          "ref": null,
          "rendered": Array [
            Object {
              "instance": null,
              "key": "People",
              "nodeType": "function",
              "props": Object {
                "currentDisplay": null,
                "selectData": [Function],
                "type": "category button",
                "value": "People",
              },
              "ref": null,
              "rendered": null,
              "type": [Function],
            },
            Object {
              "instance": null,
              "key": "Planets",
              "nodeType": "function",
              "props": Object {
                "currentDisplay": null,
                "selectData": [Function],
                "type": "category button",
                "value": "Planets",
              },
              "ref": null,
              "rendered": null,
              "type": [Function],
            },
            Object {
              "instance": null,
              "key": "Vehicles",
              "nodeType": "function",
              "props": Object {
                "currentDisplay": null,
                "selectData": [Function],
                "type": "category button",
                "value": "Vehicles",
              },
              "ref": null,
              "rendered": null,
              "type": [Function],
            },
          ],
          "type": "div",
        },
        Object {
          "instance": null,
          "key": undefined,
          "nodeType": "function",
          "props": Object {
            "category": Array [],
            "currentDisplay": null,
            "currentFavorites": Array [],
            "removeFavorite": [Function],
            "saveFavorite": [Function],
          },
          "ref": null,
          "rendered": null,
          "type": [Function],
        },
      ],
      "type": "div",
    },
  ],
  Symbol(enzyme.__options__): Object {
    "adapter": ReactSixteenAdapter {
      "options": Object {
        "enableComponentDidUpdateOnSetState": true,
      },
    },
  },
}
`;
